2025-05-20 17:21:17,834 - __main__ - INFO - Collecting leagues...
2025-05-20 17:21:46,848 - __main__ - INFO - Collecting recent fixtures from the past 7 days...
2025-05-20 17:21:46,952 - __main__ - ERROR - API request error: 400 Client Error: Bad Request for url: https://api.sportmonks.com/v3/football/fixtures?filter%5Bstarts_between%5D=2025-05-13%2C2025-05-20&filter%5Bstatus%5D=finished&include=participants%3Bleague%3Bvenue%3Bstate%3Bscores&page=1&api_token=oYeoAVFUTQpu7MfoFqbvyiYfgRRkuBWW0p2atkZnySe4X3xrHkjgGhOvI0pd&per_page=1000
2025-05-20 17:21:46,952 - __main__ - ERROR - Response content: b'    {"message":"Filters should be passed as a string","link":"https:\\/\\/docs.sportmonks.com\\/football\\/api\\/response-codes\\/filtering-and-complexity-exceptions","code":5010}'
2025-05-20 17:24:25,189 - __main__ - INFO - Collecting leagues...
2025-05-20 17:24:25,317 - __main__ - INFO - Collected 25 leagues
2025-05-20 17:24:25,317 - __main__ - INFO - Leagues collection completed
2025-05-20 17:24:25,317 - __main__ - INFO - Collecting seasons for leagues...
2025-05-20 17:24:25,317 - __main__ - INFO - Collecting seasons for league 8 (Premier League)...
2025-05-20 17:24:25,434 - __main__ - ERROR - API request error: 400 Client Error: Bad Request for url: https://api.sportmonks.com/v3/football/seasons?filter%5Bleague_id%5D=8&page=1&api_token=oYeoAVFUTQpu7MfoFqbvyiYfgRRkuBWW0p2atkZnySe4X3xrHkjgGhOvI0pd&per_page=1000
2025-05-20 17:24:25,434 - __main__ - ERROR - Response content: b'    {"message":"Filters should be passed as a string","link":"https:\\/\\/docs.sportmonks.com\\/football\\/api\\/response-codes\\/filtering-and-complexity-exceptions","code":5010}'
2025-05-20 17:26:04,938 - __main__ - INFO - Collecting leagues...
2025-05-20 17:26:05,079 - __main__ - INFO - Collected 25 leagues
2025-05-20 17:26:05,079 - __main__ - INFO - Leagues collection completed
2025-05-20 17:26:05,079 - __main__ - INFO - Collecting seasons for leagues...
2025-05-20 17:26:05,080 - __main__ - INFO - Collecting seasons for league 8 (Premier League)...
2025-05-20 17:26:05,205 - __main__ - ERROR - API request error: 400 Client Error: Bad Request for url: https://api.sportmonks.com/v3/football/seasons?filter%5Bleague_id%5D=8&page=1&api_token=PgeMnb1Y71v04KzxFBpKQmm2sxsyWihIRNXSvDoYUz6ZuDOY3h1lLnmKamH1&per_page=1000
2025-05-20 17:26:05,205 - __main__ - ERROR - Response content: b'    {"message":"Filters should be passed as a string","link":"https:\\/\\/docs.sportmonks.com\\/football\\/api\\/response-codes\\/filtering-and-complexity-exceptions","code":5010}'
2025-05-20 17:26:44,400 - __main__ - INFO - Collecting leagues...
2025-05-20 17:26:44,532 - __main__ - INFO - Collected 25 leagues
2025-05-20 17:26:44,532 - __main__ - INFO - Leagues collection completed
2025-05-20 17:26:44,532 - __main__ - INFO - Collecting seasons for leagues...
2025-05-20 17:26:44,533 - __main__ - INFO - Collecting seasons for league 8 (Premier League)...
2025-05-20 17:26:44,645 - __main__ - ERROR - API request error: 400 Client Error: Bad Request for url: https://api.sportmonks.com/v3/football/seasons?filter%5Bleague_id%5D=8&page=1&api_token=PgeMnb1Y71v04KzxFBpKQmm2sxsyWihIRNXSvDoYUz6ZuDOY3h1lLnmKamH1&per_page=1000
2025-05-20 17:26:44,645 - __main__ - ERROR - Response content: b'    {"message":"Filters should be passed as a string","link":"https:\\/\\/docs.sportmonks.com\\/football\\/api\\/response-codes\\/filtering-and-complexity-exceptions","code":5010}'
2025-05-20 17:27:30,919 - __main__ - INFO - Collecting leagues...
2025-05-20 17:27:31,073 - __main__ - INFO - Collected 25 leagues
2025-05-20 17:27:31,073 - __main__ - INFO - Leagues collection completed
2025-05-20 17:27:31,073 - __main__ - INFO - Collecting seasons for leagues...
2025-05-20 17:27:31,074 - __main__ - INFO - Collecting seasons for league 8 (Premier League)...
2025-05-20 17:27:31,183 - __main__ - ERROR - API request error: 400 Client Error: Bad Request for url: https://api.sportmonks.com/v3/football/seasons?filter%5Bleague_id%5D=8&page=1&api_token=PgeMnb1Y71v04KzxFBpKQmm2sxsyWihIRNXSvDoYUz6ZuDOY3h1lLnmKamH1&per_page=1000
2025-05-20 17:27:31,183 - __main__ - ERROR - Response content: b'    {"message":"Filters should be passed as a string","link":"https:\\/\\/docs.sportmonks.com\\/football\\/api\\/response-codes\\/filtering-and-complexity-exceptions","code":5010}'
2025-05-20 17:28:46,840 - __main__ - INFO - Collecting leagues...
2025-05-20 17:28:47,090 - __main__ - INFO - Collected 25 leagues
2025-05-20 17:28:47,090 - __main__ - INFO - Leagues collection completed
2025-05-20 17:28:47,090 - __main__ - INFO - Collecting seasons for leagues...
2025-05-20 17:28:47,090 - __main__ - INFO - Collecting seasons for league 8 (Premier League)...
2025-05-20 17:28:47,196 - __main__ - ERROR - API request error: 400 Client Error: Bad Request for url: https://api.sportmonks.com/v3/football/seasons?filter%5Bleague_id%5D=8&page=1&api_token=PgeMnb1Y71v04KzxFBpKQmm2sxsyWihIRNXSvDoYUz6ZuDOY3h1lLnmKamH1&per_page=1000
2025-05-20 17:28:47,196 - __main__ - ERROR - Response content: b'    {"message":"Filters should be passed as a string","link":"https:\\/\\/docs.sportmonks.com\\/football\\/api\\/response-codes\\/filtering-and-complexity-exceptions","code":5010}'
2025-05-20 17:28:47,323 - __main__ - ERROR - API request error: 404 Client Error: Not Found for url: https://api.sportmonks.com/v3/docs?api_token=PgeMnb1Y71v04KzxFBpKQmm2sxsyWihIRNXSvDoYUz6ZuDOY3h1lLnmKamH1&per_page=1000
2025-05-20 17:28:47,323 - __main__ - ERROR - Response content: b'    {"message":"The requested endpoint does not exist"}'
2025-05-20 17:30:37,247 - __main__ - INFO - Collecting leagues...
2025-05-20 17:30:37,400 - __main__ - INFO - Collected 25 leagues
2025-05-20 17:30:37,400 - __main__ - INFO - Leagues collection completed
2025-05-20 17:30:37,400 - __main__ - INFO - Collecting seasons for leagues...
2025-05-20 17:30:37,401 - __main__ - INFO - Collecting seasons for league 8 (Premier League)...
2025-05-20 17:30:37,511 - __main__ - ERROR - API request error: 400 Client Error: Bad Request for url: https://api.sportmonks.com/v3/football/seasons?filter%5Bleague_id%5D=8&page=1&api_token=PgeMnb1Y71v04KzxFBpKQmm2sxsyWihIRNXSvDoYUz6ZuDOY3h1lLnmKamH1&per_page=1000
2025-05-20 17:30:37,512 - __main__ - ERROR - Response content: b'    {"message":"Filters should be passed as a string","link":"https:\\/\\/docs.sportmonks.com\\/football\\/api\\/response-codes\\/filtering-and-complexity-exceptions","code":5010}'
2025-05-20 17:30:37,624 - __main__ - ERROR - API request error: 404 Client Error: Not Found for url: https://api.sportmonks.com/v3/docs?api_token=PgeMnb1Y71v04KzxFBpKQmm2sxsyWihIRNXSvDoYUz6ZuDOY3h1lLnmKamH1&per_page=1000
2025-05-20 17:30:37,624 - __main__ - ERROR - Response content: b'    {"message":"The requested endpoint does not exist"}'
